
> backend@1.0.0 start
> node src/index.js

◇ injected env (9) from .env // tip: ⌘ custom filepath { path: '/custom/path/.env' }
◇ injected env (0) from .env // tip: ◈ secrets for agents [www.dotenvx.com]
MongoDB connected successfully : ac-gvp5eji-shard-00-02.0wo92qs.mongodb.net
Server is listening on port 5000
Attention: Clerk collects telemetry data from its SDKs when connected to development instances.
The data collected is used to inform Clerk's product roadmap.
To learn more, including how to opt-out from the telemetry program, visit: https://clerk.com/docs/telemetry.

GET /api/v1/hello 200 91 - 18.367 ms
OPTIONS /api/v1/admin/checkAdmin 204 0 - 0.506 ms
OPTIONS /api/v1/admin/checkAdmin 204 0 - 0.157 ms
GET /api/v1/admin/checkAdmin 304 - - 681.755 ms
OPTIONS /api/v1/stats 204 0 - 0.185 ms
OPTIONS /api/v1/songs 204 0 - 0.109 ms
OPTIONS /api/v1/albums 204 0 - 0.156 ms
GET /api/v1/songs 304 - - 61.703 ms
GET /api/v1/albums 304 - - 59.085 ms
GET /api/v1/admin/checkAdmin 304 - - 303.620 ms
GET /api/v1/songs 304 - - 44.340 ms
GET /api/v1/albums 304 - - 45.404 ms
GET /api/v1/stats 200 159 - 621.002 ms
GET /api/v1/stats 304 - - 334.432 ms
